12-Jul-2026 16:16:25.069 INFO [main] org.apache.catalina.startup.VersionLoggerListener.log Server version name:   Apache Tomcat/10.1.56
12-Jul-2026 16:16:25.073 INFO [main] org.apache.catalina.startup.VersionLoggerListener.log Server built:          Jun 17 2026 23:33:08 UTC
12-Jul-2026 16:16:25.073 INFO [main] org.apache.catalina.startup.VersionLoggerListener.log Server version number: 10.1.56.0
12-Jul-2026 16:16:25.073 INFO [main] org.apache.catalina.startup.VersionLoggerListener.log OS Name:               Windows 11
12-Jul-2026 16:16:25.073 INFO [main] org.apache.catalina.startup.VersionLoggerListener.log OS Version:            10.0
12-Jul-2026 16:16:25.073 INFO [main] org.apache.catalina.startup.VersionLoggerListener.log Architecture:          amd64
12-Jul-2026 16:16:25.074 INFO [main] org.apache.catalina.startup.VersionLoggerListener.log Java Home:             C:\Program Files\Java\jdk-25
12-Jul-2026 16:16:25.074 INFO [main] org.apache.catalina.startup.VersionLoggerListener.log JVM Version:           25.0.1+8-LTS-27
12-Jul-2026 16:16:25.074 INFO [main] org.apache.catalina.startup.VersionLoggerListener.log JVM Vendor:            Oracle Corporation
12-Jul-2026 16:16:25.074 INFO [main] org.apache.catalina.startup.VersionLoggerListener.log CATALINA_BASE:         C:\Users\vuong\Downloads\quannuoc-jsp
12-Jul-2026 16:16:25.074 INFO [main] org.apache.catalina.startup.VersionLoggerListener.log CATALINA_HOME:         C:\Users\vuong\Downloads\apache-tomcat-10.1.56-windows-x64\apache-tomcat-10.1.56
12-Jul-2026 16:16:25.089 INFO [main] org.apache.catalina.startup.VersionLoggerListener.log Command line argument: --add-opens=java.base/java.lang=ALL-UNNAMED
12-Jul-2026 16:16:25.089 INFO [main] org.apache.catalina.startup.VersionLoggerListener.log Command line argument: --add-opens=java.base/java.io=ALL-UNNAMED
12-Jul-2026 16:16:25.089 INFO [main] org.apache.catalina.startup.VersionLoggerListener.log Command line argument: --add-opens=java.base/java.util=ALL-UNNAMED
12-Jul-2026 16:16:25.089 INFO [main] org.apache.catalina.startup.VersionLoggerListener.log Command line argument: --add-opens=java.base/java.util.concurrent=ALL-UNNAMED
12-Jul-2026 16:16:25.089 INFO [main] org.apache.catalina.startup.VersionLoggerListener.log Command line argument: --add-opens=java.rmi/sun.rmi.transport=ALL-UNNAMED
12-Jul-2026 16:16:25.090 INFO [main] org.apache.catalina.startup.VersionLoggerListener.log Command line argument: -Dcatalina.home=C:\Users\vuong\Downloads\apache-tomcat-10.1.56-windows-x64\apache-tomcat-10.1.56
12-Jul-2026 16:16:25.090 INFO [main] org.apache.catalina.startup.VersionLoggerListener.log Command line argument: -Dcatalina.base=C:\Users\vuong\Downloads\quannuoc-jsp
12-Jul-2026 16:16:25.090 INFO [main] org.apache.catalina.startup.VersionLoggerListener.log Command line argument: -Djava.io.tmpdir=C:\Users\vuong\Downloads\quannuoc-jsp\temp
12-Jul-2026 16:16:25.090 INFO [main] org.apache.catalina.startup.VersionLoggerListener.log Command line argument: -Djava.util.logging.config.file=C:\Users\vuong\Downloads\quannuoc-jsp\conf\logging.properties
12-Jul-2026 16:16:25.090 INFO [main] org.apache.catalina.startup.VersionLoggerListener.log Command line argument: -Djava.util.logging.manager=org.apache.juli.ClassLoaderLogManager
12-Jul-2026 16:16:25.090 INFO [main] org.apache.catalina.startup.VersionLoggerListener.log Command line argument: -javaagent:C:\Program Files\JetBrains\IntelliJ IDEA 2026.1.3\lib\idea_rt.jar=63820
12-Jul-2026 16:16:25.090 INFO [main] org.apache.catalina.startup.VersionLoggerListener.log Command line argument: -Dfile.encoding=UTF-8
12-Jul-2026 16:16:25.090 INFO [main] org.apache.catalina.startup.VersionLoggerListener.log Command line argument: -Dsun.stdout.encoding=UTF-8
12-Jul-2026 16:16:25.092 INFO [main] org.apache.catalina.startup.VersionLoggerListener.log Command line argument: -Dsun.stderr.encoding=UTF-8
12-Jul-2026 16:16:25.097 INFO [main] org.apache.catalina.core.AprLifecycleListener.lifecycleEvent Loaded Apache Tomcat Native library [2.0.15] using APR version [1.7.6].
12-Jul-2026 16:16:25.112 INFO [main] org.apache.catalina.core.AprLifecycleListener.initializeSSL OpenSSL successfully initialized [OpenSSL 3.5.7 9 Jun 2026]
12-Jul-2026 16:16:25.476 INFO [main] org.apache.coyote.AbstractProtocol.init Initializing ProtocolHandler ["http-nio-8080"]
12-Jul-2026 16:16:25.496 INFO [main] org.apache.catalina.startup.Catalina.load Server initialization in [693] milliseconds
12-Jul-2026 16:16:25.555 INFO [main] org.apache.catalina.core.StandardService.startInternal Starting service [Catalina]
12-Jul-2026 16:16:25.556 INFO [main] org.apache.catalina.core.StandardEngine.startInternal Starting Servlet engine: [Apache Tomcat/10.1.56]
12-Jul-2026 16:16:25.574 INFO [main] org.apache.catalina.startup.HostConfig.deployDescriptor Deploying deployment descriptor [C:\Users\vuong\Downloads\quannuoc-jsp\conf\Catalina\localhost\quannuoc.xml]
12-Jul-2026 16:16:25.604 WARNING [main] org.apache.catalina.startup.HostConfig.deployDescriptor The path attribute with value [/quannuoc] in deployment descriptor [C:\Users\vuong\Downloads\quannuoc-jsp\conf\Catalina\localhost\quannuoc.xml] has been ignored
12-Jul-2026 16:16:26.011 INFO [main] org.apache.catalina.startup.HostConfig.deployDescriptor Deployment of deployment descriptor [C:\Users\vuong\Downloads\quannuoc-jsp\conf\Catalina\localhost\quannuoc.xml] has finished in [432] ms
12-Jul-2026 16:16:26.016 INFO [main] org.apache.coyote.AbstractProtocol.start Starting ProtocolHandler ["http-nio-8080"]
12-Jul-2026 16:16:26.071 INFO [main] org.apache.catalina.startup.Catalina.start Server startup in [572] milliseconds
12-Jul-2026 16:25:35.784 INFO [main] org.apache.catalina.startup.VersionLoggerListener.log Server version name:   Apache Tomcat/10.1.56
12-Jul-2026 16:25:35.788 INFO [main] org.apache.catalina.startup.VersionLoggerListener.log Server built:          Jun 17 2026 23:33:08 UTC
12-Jul-2026 16:25:35.789 INFO [main] org.apache.catalina.startup.VersionLoggerListener.log Server version number: 10.1.56.0
12-Jul-2026 16:25:35.789 INFO [main] org.apache.catalina.startup.VersionLoggerListener.log OS Name:               Windows 11
12-Jul-2026 16:25:35.789 INFO [main] org.apache.catalina.startup.VersionLoggerListener.log OS Version:            10.0
12-Jul-2026 16:25:35.789 INFO [main] org.apache.catalina.startup.VersionLoggerListener.log Architecture:          amd64
12-Jul-2026 16:25:35.789 INFO [main] org.apache.catalina.startup.VersionLoggerListener.log Java Home:             C:\Program Files\Java\jdk-25
12-Jul-2026 16:25:35.789 INFO [main] org.apache.catalina.startup.VersionLoggerListener.log JVM Version:           25.0.1+8-LTS-27
12-Jul-2026 16:25:35.789 INFO [main] org.apache.catalina.startup.VersionLoggerListener.log JVM Vendor:            Oracle Corporation
12-Jul-2026 16:25:35.789 INFO [main] org.apache.catalina.startup.VersionLoggerListener.log CATALINA_BASE:         C:\Users\vuong\Downloads\quannuoc-jsp
12-Jul-2026 16:25:35.790 INFO [main] org.apache.catalina.startup.VersionLoggerListener.log CATALINA_HOME:         C:\Users\vuong\Downloads\apache-tomcat-10.1.56-windows-x64\apache-tomcat-10.1.56
12-Jul-2026 16:25:35.804 INFO [main] org.apache.catalina.startup.VersionLoggerListener.log Command line argument: --add-opens=java.base/java.lang=ALL-UNNAMED
12-Jul-2026 16:25:35.804 INFO [main] org.apache.catalina.startup.VersionLoggerListener.log Command line argument: --add-opens=java.base/java.io=ALL-UNNAMED
12-Jul-2026 16:25:35.805 INFO [main] org.apache.catalina.startup.VersionLoggerListener.log Command line argument: --add-opens=java.base/java.util=ALL-UNNAMED
12-Jul-2026 16:25:35.805 INFO [main] org.apache.catalina.startup.VersionLoggerListener.log Command line argument: --add-opens=java.base/java.util.concurrent=ALL-UNNAMED
12-Jul-2026 16:25:35.805 INFO [main] org.apache.catalina.startup.VersionLoggerListener.log Command line argument: --add-opens=java.rmi/sun.rmi.transport=ALL-UNNAMED
12-Jul-2026 16:25:35.805 INFO [main] org.apache.catalina.startup.VersionLoggerListener.log Command line argument: -Dcatalina.home=C:\Users\vuong\Downloads\apache-tomcat-10.1.56-windows-x64\apache-tomcat-10.1.56
12-Jul-2026 16:25:35.805 INFO [main] org.apache.catalina.startup.VersionLoggerListener.log Command line argument: -Dcatalina.base=C:\Users\vuong\Downloads\quannuoc-jsp
12-Jul-2026 16:25:35.805 INFO [main] org.apache.catalina.startup.VersionLoggerListener.log Command line argument: -Djava.io.tmpdir=C:\Users\vuong\Downloads\quannuoc-jsp\temp
12-Jul-2026 16:25:35.806 INFO [main] org.apache.catalina.startup.VersionLoggerListener.log Command line argument: -Djava.util.logging.config.file=C:\Users\vuong\Downloads\quannuoc-jsp\conf\logging.properties
12-Jul-2026 16:25:35.806 INFO [main] org.apache.catalina.startup.VersionLoggerListener.log Command line argument: -Djava.util.logging.manager=org.apache.juli.ClassLoaderLogManager
12-Jul-2026 16:25:35.806 INFO [main] org.apache.catalina.startup.VersionLoggerListener.log Command line argument: -javaagent:C:\Program Files\JetBrains\IntelliJ IDEA 2026.1.3\lib\idea_rt.jar=50870
12-Jul-2026 16:25:35.806 INFO [main] org.apache.catalina.startup.VersionLoggerListener.log Command line argument: -Dfile.encoding=UTF-8
12-Jul-2026 16:25:35.806 INFO [main] org.apache.catalina.startup.VersionLoggerListener.log Command line argument: -Dsun.stdout.encoding=UTF-8
12-Jul-2026 16:25:35.806 INFO [main] org.apache.catalina.startup.VersionLoggerListener.log Command line argument: -Dsun.stderr.encoding=UTF-8
12-Jul-2026 16:25:35.812 INFO [main] org.apache.catalina.core.AprLifecycleListener.lifecycleEvent Loaded Apache Tomcat Native library [2.0.15] using APR version [1.7.6].
12-Jul-2026 16:25:35.823 INFO [main] org.apache.catalina.core.AprLifecycleListener.initializeSSL OpenSSL successfully initialized [OpenSSL 3.5.7 9 Jun 2026]
12-Jul-2026 16:25:36.261 INFO [main] org.apache.coyote.AbstractProtocol.init Initializing ProtocolHandler ["http-nio-8080"]
12-Jul-2026 16:25:36.273 SEVERE [main] org.apache.catalina.util.LifecycleBase.handleSubClassException Failed to initialize component [Connector["http-nio-8080"]]
	org.apache.catalina.LifecycleException: Protocol handler initialization failed
		at org.apache.catalina.connector.Connector.initInternal(Connector.java:1275)
		at org.apache.catalina.util.LifecycleBase.init(LifecycleBase.java:128)
		at org.apache.catalina.core.StandardService.initInternal(StandardService.java:543)
		at org.apache.catalina.util.LifecycleBase.init(LifecycleBase.java:128)
		at org.apache.catalina.core.StandardServer.initInternal(StandardServer.java:962)
		at org.apache.catalina.util.LifecycleBase.init(LifecycleBase.java:128)
		at org.apache.catalina.startup.Catalina.load(Catalina.java:833)
		at org.apache.catalina.startup.Catalina.load(Catalina.java:858)
		at java.base/jdk.internal.reflect.DirectMethodHandleAccessor.invoke(DirectMethodHandleAccessor.java:104)
		at java.base/java.lang.reflect.Method.invoke(Method.java:565)
		at org.apache.catalina.startup.Bootstrap.load(Bootstrap.java:305)
		at org.apache.catalina.startup.Bootstrap.main(Bootstrap.java:484)
	Caused by: java.net.BindException: Address already in use: bind
		at java.base/sun.nio.ch.Net.bind0(Native Method)
		at java.base/sun.nio.ch.Net.bind(Net.java:522)
		at java.base/sun.nio.ch.ServerSocketChannelImpl.netBind(ServerSocketChannelImpl.java:335)
		at java.base/sun.nio.ch.ServerSocketChannelImpl.bind(ServerSocketChannelImpl.java:297)
		at org.apache.tomcat.util.net.NioEndpoint.initServerSocket(NioEndpoint.java:338)
		at org.apache.tomcat.util.net.NioEndpoint.bind(NioEndpoint.java:288)
		at org.apache.tomcat.util.net.AbstractEndpoint.bindWithCleanup(AbstractEndpoint.java:1921)
		at org.apache.tomcat.util.net.AbstractEndpoint.init(AbstractEndpoint.java:1939)
		at org.apache.coyote.AbstractProtocol.init(AbstractProtocol.java:958)
		at org.apache.coyote.http11.AbstractHttp11Protocol.init(AbstractHttp11Protocol.java:95)
		at org.apache.catalina.connector.Connector.initInternal(Connector.java:1273)
		... 11 more
12-Jul-2026 16:25:36.274 INFO [main] org.apache.catalina.startup.Catalina.load Server initialization in [776] milliseconds
12-Jul-2026 16:25:36.339 INFO [main] org.apache.catalina.core.StandardService.startInternal Starting service [Catalina]
12-Jul-2026 16:25:36.339 INFO [main] org.apache.catalina.core.StandardEngine.startInternal Starting Servlet engine: [Apache Tomcat/10.1.56]
12-Jul-2026 16:25:36.355 INFO [main] org.apache.catalina.startup.HostConfig.deployDescriptor Deploying deployment descriptor [C:\Users\vuong\Downloads\quannuoc-jsp\conf\Catalina\localhost\quannuoc-jsp.xml]
12-Jul-2026 16:25:36.817 INFO [main] org.apache.catalina.startup.HostConfig.deployDescriptor Deployment of deployment descriptor [C:\Users\vuong\Downloads\quannuoc-jsp\conf\Catalina\localhost\quannuoc-jsp.xml] has finished in [455] ms
12-Jul-2026 16:25:36.824 INFO [main] org.apache.catalina.startup.Catalina.start Server startup in [547] milliseconds
12-Jul-2026 16:25:36.835 SEVERE [main] org.apache.catalina.core.StandardServer.await Failed to create server shutdown socket on address [localhost] and port [8005] (base port [8005] and offset [0])
	java.net.BindException: Address already in use: bind
		at java.base/sun.nio.ch.Net.bind0(Native Method)
		at java.base/sun.nio.ch.Net.bind(Net.java:522)
		at java.base/sun.nio.ch.Net.bind(Net.java:511)
		at java.base/sun.nio.ch.NioSocketImpl.bind(NioSocketImpl.java:641)
		at java.base/java.net.ServerSocket.bind(ServerSocket.java:326)
		at java.base/java.net.ServerSocket.<init>(ServerSocket.java:222)
		at org.apache.catalina.core.StandardServer.await(StandardServer.java:536)
		at org.apache.catalina.startup.Catalina.await(Catalina.java:974)
		at org.apache.catalina.startup.Catalina.start(Catalina.java:922)
		at java.base/jdk.internal.reflect.DirectMethodHandleAccessor.invoke(DirectMethodHandleAccessor.java:104)
		at java.base/java.lang.reflect.Method.invoke(Method.java:565)
		at org.apache.catalina.startup.Bootstrap.start(Bootstrap.java:348)
		at org.apache.catalina.startup.Bootstrap.main(Bootstrap.java:485)
12-Jul-2026 16:25:36.835 INFO [main] org.apache.coyote.AbstractProtocol.pause Pausing ProtocolHandler ["http-nio-8080"]
12-Jul-2026 16:25:36.836 INFO [main] org.apache.catalina.core.StandardService.stopInternal Stopping service [Catalina]
12-Jul-2026 16:25:36.856 INFO [main] org.apache.coyote.AbstractProtocol.stop Stopping ProtocolHandler ["http-nio-8080"]
12-Jul-2026 16:25:36.856 INFO [main] org.apache.coyote.AbstractProtocol.destroy Destroying ProtocolHandler ["http-nio-8080"]
12-Jul-2026 16:25:43.618 INFO [Catalina-utility-2] org.apache.catalina.startup.HostConfig.undeploy Undeploying context [/quannuoc]
12-Jul-2026 16:25:43.662 INFO [Catalina-utility-2] org.apache.catalina.startup.HostConfig.deployDescriptor Deploying deployment descriptor [C:\Users\vuong\Downloads\quannuoc-jsp\conf\Catalina\localhost\quannuoc-jsp.xml]
12-Jul-2026 16:25:43.745 INFO [Catalina-utility-2] org.apache.catalina.startup.HostConfig.deployDescriptor Deployment of deployment descriptor [C:\Users\vuong\Downloads\quannuoc-jsp\conf\Catalina\localhost\quannuoc-jsp.xml] has finished in [82] ms
12-Jul-2026 16:28:31.327 INFO [main] org.apache.catalina.startup.VersionLoggerListener.log Server version name:   Apache Tomcat/10.1.56
12-Jul-2026 16:28:31.331 INFO [main] org.apache.catalina.startup.VersionLoggerListener.log Server built:          Jun 17 2026 23:33:08 UTC
12-Jul-2026 16:28:31.332 INFO [main] org.apache.catalina.startup.VersionLoggerListener.log Server version number: 10.1.56.0
12-Jul-2026 16:28:31.332 INFO [main] org.apache.catalina.startup.VersionLoggerListener.log OS Name:               Windows 11
12-Jul-2026 16:28:31.332 INFO [main] org.apache.catalina.startup.VersionLoggerListener.log OS Version:            10.0
12-Jul-2026 16:28:31.332 INFO [main] org.apache.catalina.startup.VersionLoggerListener.log Architecture:          amd64
12-Jul-2026 16:28:31.332 INFO [main] org.apache.catalina.startup.VersionLoggerListener.log Java Home:             C:\Program Files\Java\jdk-25
12-Jul-2026 16:28:31.333 INFO [main] org.apache.catalina.startup.VersionLoggerListener.log JVM Version:           25.0.1+8-LTS-27
12-Jul-2026 16:28:31.333 INFO [main] org.apache.catalina.startup.VersionLoggerListener.log JVM Vendor:            Oracle Corporation
12-Jul-2026 16:28:31.333 INFO [main] org.apache.catalina.startup.VersionLoggerListener.log CATALINA_BASE:         C:\Users\vuong\Downloads\quannuoc-jsp
12-Jul-2026 16:28:31.333 INFO [main] org.apache.catalina.startup.VersionLoggerListener.log CATALINA_HOME:         C:\Users\vuong\Downloads\apache-tomcat-10.1.56-windows-x64\apache-tomcat-10.1.56
12-Jul-2026 16:28:31.346 INFO [main] org.apache.catalina.startup.VersionLoggerListener.log Command line argument: --add-opens=java.base/java.lang=ALL-UNNAMED
12-Jul-2026 16:28:31.347 INFO [main] org.apache.catalina.startup.VersionLoggerListener.log Command line argument: --add-opens=java.base/java.io=ALL-UNNAMED
12-Jul-2026 16:28:31.347 INFO [main] org.apache.catalina.startup.VersionLoggerListener.log Command line argument: --add-opens=java.base/java.util=ALL-UNNAMED
12-Jul-2026 16:28:31.347 INFO [main] org.apache.catalina.startup.VersionLoggerListener.log Command line argument: --add-opens=java.base/java.util.concurrent=ALL-UNNAMED
12-Jul-2026 16:28:31.347 INFO [main] org.apache.catalina.startup.VersionLoggerListener.log Command line argument: --add-opens=java.rmi/sun.rmi.transport=ALL-UNNAMED
12-Jul-2026 16:28:31.347 INFO [main] org.apache.catalina.startup.VersionLoggerListener.log Command line argument: -Dcatalina.home=C:\Users\vuong\Downloads\apache-tomcat-10.1.56-windows-x64\apache-tomcat-10.1.56
12-Jul-2026 16:28:31.347 INFO [main] org.apache.catalina.startup.VersionLoggerListener.log Command line argument: -Dcatalina.base=C:\Users\vuong\Downloads\quannuoc-jsp
12-Jul-2026 16:28:31.347 INFO [main] org.apache.catalina.startup.VersionLoggerListener.log Command line argument: -Djava.io.tmpdir=C:\Users\vuong\Downloads\quannuoc-jsp\temp
12-Jul-2026 16:28:31.347 INFO [main] org.apache.catalina.startup.VersionLoggerListener.log Command line argument: -Djava.util.logging.config.file=C:\Users\vuong\Downloads\quannuoc-jsp\conf\logging.properties
12-Jul-2026 16:28:31.348 INFO [main] org.apache.catalina.startup.VersionLoggerListener.log Command line argument: -Djava.util.logging.manager=org.apache.juli.ClassLoaderLogManager
12-Jul-2026 16:28:31.348 INFO [main] org.apache.catalina.startup.VersionLoggerListener.log Command line argument: -javaagent:C:\Program Files\JetBrains\IntelliJ IDEA 2026.1.3\lib\idea_rt.jar=54497
12-Jul-2026 16:28:31.348 INFO [main] org.apache.catalina.startup.VersionLoggerListener.log Command line argument: -Dfile.encoding=UTF-8
12-Jul-2026 16:28:31.348 INFO [main] org.apache.catalina.startup.VersionLoggerListener.log Command line argument: -Dsun.stdout.encoding=UTF-8
12-Jul-2026 16:28:31.348 INFO [main] org.apache.catalina.startup.VersionLoggerListener.log Command line argument: -Dsun.stderr.encoding=UTF-8
12-Jul-2026 16:28:31.353 INFO [main] org.apache.catalina.core.AprLifecycleListener.lifecycleEvent Loaded Apache Tomcat Native library [2.0.15] using APR version [1.7.6].
12-Jul-2026 16:28:31.365 INFO [main] org.apache.catalina.core.AprLifecycleListener.initializeSSL OpenSSL successfully initialized [OpenSSL 3.5.7 9 Jun 2026]
12-Jul-2026 16:28:31.745 INFO [main] org.apache.coyote.AbstractProtocol.init Initializing ProtocolHandler ["http-nio-8080"]
12-Jul-2026 16:28:31.767 INFO [main] org.apache.catalina.startup.Catalina.load Server initialization in [717] milliseconds
12-Jul-2026 16:28:31.820 INFO [main] org.apache.catalina.core.StandardService.startInternal Starting service [Catalina]
12-Jul-2026 16:28:31.820 INFO [main] org.apache.catalina.core.StandardEngine.startInternal Starting Servlet engine: [Apache Tomcat/10.1.56]
12-Jul-2026 16:28:31.843 INFO [main] org.apache.catalina.startup.HostConfig.deployDescriptor Deploying deployment descriptor [C:\Users\vuong\Downloads\quannuoc-jsp\conf\Catalina\localhost\quannuoc-jsp.xml]
12-Jul-2026 16:28:32.245 INFO [main] org.apache.catalina.startup.HostConfig.deployDescriptor Deployment of deployment descriptor [C:\Users\vuong\Downloads\quannuoc-jsp\conf\Catalina\localhost\quannuoc-jsp.xml] has finished in [398] ms
12-Jul-2026 16:28:32.250 INFO [main] org.apache.coyote.AbstractProtocol.start Starting ProtocolHandler ["http-nio-8080"]
12-Jul-2026 16:28:32.294 INFO [main] org.apache.catalina.startup.Catalina.start Server startup in [523] milliseconds
12-Jul-2026 16:33:03.386 INFO [Thread-1] org.apache.coyote.AbstractProtocol.pause Pausing ProtocolHandler ["http-nio-8080"]
12-Jul-2026 16:33:03.398 INFO [Thread-1] org.apache.catalina.core.StandardService.stopInternal Stopping service [Catalina]
12-Jul-2026 16:33:03.410 INFO [Thread-1] org.apache.coyote.AbstractProtocol.stop Stopping ProtocolHandler ["http-nio-8080"]
12-Jul-2026 16:33:03.421 INFO [Thread-1] org.apache.coyote.AbstractProtocol.destroy Destroying ProtocolHandler ["http-nio-8080"]
12-Jul-2026 16:33:09.994 INFO [main] org.apache.catalina.startup.VersionLoggerListener.log Server version name:   Apache Tomcat/10.1.56
12-Jul-2026 16:33:09.997 INFO [main] org.apache.catalina.startup.VersionLoggerListener.log Server built:          Jun 17 2026 23:33:08 UTC
12-Jul-2026 16:33:09.998 INFO [main] org.apache.catalina.startup.VersionLoggerListener.log Server version number: 10.1.56.0
12-Jul-2026 16:33:09.998 INFO [main] org.apache.catalina.startup.VersionLoggerListener.log OS Name:               Windows 11
12-Jul-2026 16:33:09.998 INFO [main] org.apache.catalina.startup.VersionLoggerListener.log OS Version:            10.0
12-Jul-2026 16:33:09.999 INFO [main] org.apache.catalina.startup.VersionLoggerListener.log Architecture:          amd64
12-Jul-2026 16:33:09.999 INFO [main] org.apache.catalina.startup.VersionLoggerListener.log Java Home:             C:\Program Files\Java\jdk-25
12-Jul-2026 16:33:09.999 INFO [main] org.apache.catalina.startup.VersionLoggerListener.log JVM Version:           25.0.1+8-LTS-27
12-Jul-2026 16:33:09.999 INFO [main] org.apache.catalina.startup.VersionLoggerListener.log JVM Vendor:            Oracle Corporation
12-Jul-2026 16:33:09.999 INFO [main] org.apache.catalina.startup.VersionLoggerListener.log CATALINA_BASE:         C:\Users\vuong\Downloads\quannuoc-jsp
12-Jul-2026 16:33:09.999 INFO [main] org.apache.catalina.startup.VersionLoggerListener.log CATALINA_HOME:         C:\Users\vuong\Downloads\apache-tomcat-10.1.56-windows-x64\apache-tomcat-10.1.56
12-Jul-2026 16:33:10.012 INFO [main] org.apache.catalina.startup.VersionLoggerListener.log Command line argument: --add-opens=java.base/java.lang=ALL-UNNAMED
12-Jul-2026 16:33:10.013 INFO [main] org.apache.catalina.startup.VersionLoggerListener.log Command line argument: --add-opens=java.base/java.io=ALL-UNNAMED
12-Jul-2026 16:33:10.013 INFO [main] org.apache.catalina.startup.VersionLoggerListener.log Command line argument: --add-opens=java.base/java.util=ALL-UNNAMED
12-Jul-2026 16:33:10.013 INFO [main] org.apache.catalina.startup.VersionLoggerListener.log Command line argument: --add-opens=java.base/java.util.concurrent=ALL-UNNAMED
12-Jul-2026 16:33:10.013 INFO [main] org.apache.catalina.startup.VersionLoggerListener.log Command line argument: --add-opens=java.rmi/sun.rmi.transport=ALL-UNNAMED
12-Jul-2026 16:33:10.013 INFO [main] org.apache.catalina.startup.VersionLoggerListener.log Command line argument: -Dcatalina.home=C:\Users\vuong\Downloads\apache-tomcat-10.1.56-windows-x64\apache-tomcat-10.1.56
12-Jul-2026 16:33:10.013 INFO [main] org.apache.catalina.startup.VersionLoggerListener.log Command line argument: -Dcatalina.base=C:\Users\vuong\Downloads\quannuoc-jsp
12-Jul-2026 16:33:10.014 INFO [main] org.apache.catalina.startup.VersionLoggerListener.log Command line argument: -Djava.io.tmpdir=C:\Users\vuong\Downloads\quannuoc-jsp\temp
12-Jul-2026 16:33:10.014 INFO [main] org.apache.catalina.startup.VersionLoggerListener.log Command line argument: -Djava.util.logging.config.file=C:\Users\vuong\Downloads\quannuoc-jsp\conf\logging.properties
12-Jul-2026 16:33:10.014 INFO [main] org.apache.catalina.startup.VersionLoggerListener.log Command line argument: -Djava.util.logging.manager=org.apache.juli.ClassLoaderLogManager
12-Jul-2026 16:33:10.014 INFO [main] org.apache.catalina.startup.VersionLoggerListener.log Command line argument: -javaagent:C:\Program Files\JetBrains\IntelliJ IDEA 2026.1.3\lib\idea_rt.jar=50665
12-Jul-2026 16:33:10.014 INFO [main] org.apache.catalina.startup.VersionLoggerListener.log Command line argument: -Dfile.encoding=UTF-8
12-Jul-2026 16:33:10.014 INFO [main] org.apache.catalina.startup.VersionLoggerListener.log Command line argument: -Dsun.stdout.encoding=UTF-8
12-Jul-2026 16:33:10.014 INFO [main] org.apache.catalina.startup.VersionLoggerListener.log Command line argument: -Dsun.stderr.encoding=UTF-8
12-Jul-2026 16:33:10.019 INFO [main] org.apache.catalina.core.AprLifecycleListener.lifecycleEvent Loaded Apache Tomcat Native library [2.0.15] using APR version [1.7.6].
12-Jul-2026 16:33:10.031 INFO [main] org.apache.catalina.core.AprLifecycleListener.initializeSSL OpenSSL successfully initialized [OpenSSL 3.5.7 9 Jun 2026]
12-Jul-2026 16:33:10.427 INFO [main] org.apache.coyote.AbstractProtocol.init Initializing ProtocolHandler ["http-nio-8080"]
12-Jul-2026 16:33:10.449 INFO [main] org.apache.catalina.startup.Catalina.load Server initialization in [735] milliseconds
12-Jul-2026 16:33:10.501 INFO [main] org.apache.catalina.core.StandardService.startInternal Starting service [Catalina]
12-Jul-2026 16:33:10.502 INFO [main] org.apache.catalina.core.StandardEngine.startInternal Starting Servlet engine: [Apache Tomcat/10.1.56]
12-Jul-2026 16:33:10.518 INFO [main] org.apache.catalina.startup.HostConfig.deployDescriptor Deploying deployment descriptor [C:\Users\vuong\Downloads\quannuoc-jsp\conf\Catalina\localhost\quannuoc-jsp.xml]
12-Jul-2026 16:33:10.910 INFO [main] org.apache.catalina.startup.HostConfig.deployDescriptor Deployment of deployment descriptor [C:\Users\vuong\Downloads\quannuoc-jsp\conf\Catalina\localhost\quannuoc-jsp.xml] has finished in [388] ms
12-Jul-2026 16:33:10.916 INFO [main] org.apache.coyote.AbstractProtocol.start Starting ProtocolHandler ["http-nio-8080"]
12-Jul-2026 16:33:10.962 INFO [main] org.apache.catalina.startup.Catalina.start Server startup in [511] milliseconds
